../Core/Src/main.c:106:5:main	64	static
../Core/Src/main.c:302:6:SystemClock_Config	88	static
../Core/Src/main.c:353:5:_write	24	static
../Core/Src/main.c:360:6:HAL_CAN_RxFifo0MsgPendingCallback	16	static
../Core/Src/main.c:372:6:Set_RTC_Alarm_Seconds	80	static
../Core/Src/main.c:401:6:HAL_TIM_PeriodElapsedCallback	16	static
../Core/Src/main.c:416:6:Update_Motor_Drive	24	static
../Core/Src/main.c:464:7:Get_Motor_RPM	16	static
../Core/Src/main.c:479:6:HAL_GPIO_EXTI_Callback	16	static
../Core/Src/main.c:492:6:Error_Handler	8	static,ignoring_inline_asm
